2019-28-25 07:28:44 INFO  TC_0032019-40-25 07:40:14 INFO  TC_0032019-41-25 07:41:28 INFO  TC_0032019-41-25 07:41:28 INFO  TC_0032019-41-25 07:41:46 INFO  TC_0032019-21-25 08:21:58 INFO  TC_0032019-22-25 08:22:03 INFO  TC_0032019-22-25 08:22:04 INFO  TC_0032019-22-25 08:22:07 INFO  TC_0032019-23-25 08:23:20 INFO  TC_0032019-23-25 08:23:29 INFO  TC_0032019-23-25 08:23:30 INFO  TC_0032019-23-25 08:23:35 INFO  TC_0032019-24-25 08:24:06 INFO  TC_0032019-24-25 08:24:11 INFO  TC_0032019-24-25 08:24:13 INFO  TC_0032019-24-25 08:24:16 INFO  TC_0032019-59-25 10:59:16 INFO  Automation.TC_003 Opened the Browser of type:chrome
2019-59-25 10:59:29 INFO  Automation.TC_003 Navigate to URL :https://www.amazon.in
2019-59-25 10:59:30 INFO  Automation.TC_003 Entered the searched Text :sony
2019-59-25 10:59:34 INFO  Automation.TC_003 Clicked on Amazon search button
2019-01-25 11:01:54 INFO  TC_00319 - Opened the Browser of type:chrome
2019-02-25 11:02:07 INFO  TC_00322 - Navigate to URL :https://www.amazon.in
2019-02-25 11:02:07 INFO  TC_00327 - Entered the searched Text :sony
2019-02-25 11:02:11 INFO  TC_00330 - Clicked on Amazon search button
2019-02-25 11:02:59 INFO  TC_003:19 - Opened the Browser of type:chrome
2019-03-25 11:03:12 INFO  TC_003:22 - Navigate to URL :https://www.amazon.in
2019-03-25 11:03:13 INFO  TC_003:27 - Entered the searched Text :sony
2019-03-25 11:03:18 INFO  TC_003:30 - Clicked on Amazon search button
2019-12-25 15:12:47 INFO  TC_003:20 - Opened the Browser of type:chrome
2019-13-25 15:13:03 INFO  TC_003:23 - Navigate to URL :https://www.amazon.in
2019-13-25 15:13:04 INFO  TC_003:28 - Entered the searched Text :sony
2019-13-25 15:13:07 INFO  TC_003:31 - Clicked on Amazon search button
2019-15-25 15:15:47 INFO  TC_003:20 - Opened the Browser of type:chrome
2019-16-25 15:16:00 INFO  TC_003:23 - Navigate to URL :https://www.amazon.in
2019-16-25 15:16:01 INFO  TC_003:28 - Entered the searched Text :sony
2019-16-25 15:16:04 INFO  TC_003:31 - Clicked on Amazon search button
2019-16-25 15:16:58 INFO  TC_003:20 - Opened the Browser of type:chrome
2019-17-25 15:17:15 INFO  TC_003:23 - Navigate to URL :https://www.amazon.in
2019-17-25 15:17:16 INFO  TC_003:28 - Entered the searched Text :sony
2019-17-25 15:17:20 INFO  TC_003:31 - Clicked on Amazon search button
2019-26-25 15:26:18 INFO  TC_003:20 - Opened the Browser of type:chrome
2019-26-25 15:26:32 INFO  TC_003:23 - Navigate to URL :https://www.amazon.in
2019-26-25 15:26:32 INFO  TC_003:28 - Entered the searched Text :sony
2019-26-25 15:26:40 INFO  TC_003:31 - Clicked on Amazon search button
2019-15-25 16:15:44 INFO  TC_003:20 - Opened the Browser of type:chrome
2019-15-25 16:15:59 INFO  TC_003:23 - Navigate to URL :https://www.amazon.in
2019-15-25 16:15:59 INFO  TC_003:28 - Entered the searched Text :sony
2019-16-25 16:16:06 INFO  TC_003:31 - Clicked on Amazon search button
2019-16-25 16:16:58 INFO  TC_003:20 - Opened the Browser of type:chrome
2019-17-25 16:17:32 INFO  TC_003:23 - Navigate to URL :https://www.amazon.in
2019-17-25 16:17:32 INFO  TC_003:28 - Entered the searched Text :sony
2019-17-25 16:17:37 INFO  TC_003:31 - Clicked on Amazon search button
2019-19-25 16:19:22 INFO  TC_003:20 - Opened the Browser of type:chrome
2019-19-25 16:19:40 INFO  TC_003:23 - Navigate to URL :https://www.amazon.in
2019-21-25 16:21:02 INFO  TC_003:20 - Opened the Browser of type:chrome
2019-21-25 16:21:27 INFO  TC_003:23 - Navigate to URL :https://www.amazon.in
2019-26-25 16:26:38 INFO  TC_003:20 - Opened the Browser of type:chrome
2019-26-25 16:26:52 INFO  TC_003:23 - Navigate to URL :https://www.amazon.in
2019-28-25 16:28:32 INFO  TC_003:20 - Opened the Browser of type:chrome
2019-29-25 16:29:09 INFO  TC_003:23 - Navigate to URL :https://www.amazon.in
2019-32-25 16:32:03 INFO  TC_003:20 - Opened the Browser of type:chrome
2019-32-25 16:32:14 INFO  TC_003:23 - Navigate to URL :https://www.amazon.in
2019-33-25 16:33:04 INFO  TC_003:20 - Opened the Browser of type:chrome
2019-33-25 16:33:20 INFO  TC_003:23 - Navigate to URL :https://www.amazon.in
2019-35-25 16:35:17 INFO  TC_003:20 - Opened the Browser of type:chrome
2019-35-25 16:35:36 INFO  TC_003:23 - Navigate to URL :https://www.amazon.in
2019-10-25 17:10:50 INFO  TC_003:20 - Opened the Browser of type:chrome
2019-11-25 17:11:05 INFO  TC_003:23 - Navigate to URL :https://www.amazon.in
2019-11-25 17:11:07 INFO  BasePage:78 - No locator is matchingnull
2019-14-25 17:14:49 INFO  TC_003:20 - Opened the Browser of type:chrome
2019-15-25 17:15:03 INFO  TC_003:23 - Navigate to URL :https://www.amazon.in
2019-15-25 17:15:04 INFO  TC_003:28 - Entered the searched Text :sony
2019-15-25 17:15:07 INFO  TC_003:31 - Clicked on Amazon search button
2019-21-25 17:21:23 INFO  TC_003:20 - Opened the Browser of type:chrome
2019-21-25 17:21:55 INFO  TC_003:23 - Navigate to URL :https://www.amazon.in
2019-21-25 17:21:55 INFO  TC_003:28 - Entered the searched Text :sony
2019-21-25 17:21:58 INFO  TC_003:31 - Clicked on Amazon search button
2019-22-25 17:22:16 INFO  TC_003:20 - Opened the Browser of type:chrome
2019-22-25 17:22:28 INFO  TC_003:23 - Navigate to URL :https://www.amazon.in
2019-22-25 17:22:30 INFO  BasePage:78 - No locator is matching...null
2019-59-27 14:59:54 INFO  TC_003:20 - Opened the Browser of type:chrome
